// Jest Snapshot v1, https://goo.gl/fbAQLP

exports[`RandomColor component renders RandomColor 1`] = `
<RandomC255olor>
  <div
    style={
      Object {
        "backgroundColor": "rgb(0, 0, 0)",
        "height": "100vh",
        "width": "100vw",
      }
    }
  />
</RandomC255olor>
`;
